<html>
<body>
<pre>
<h1>礦ision Build Log</h1>
<h2>Tool Versions:</h2>
IDE-Version: μVision V5.24.2.0
Copyright (C) 2017 ARM Ltd and ARM Germany GmbH. All rights reserved.
License Information: 与 SEEKFREE, 好看, LIC=DSN01-C531W-68QFC-75CB5-7QG6B-9G0EM
 
Tool Versions:
Toolchain:       MDK-ARM Professional  Version: 5.24.1
Toolchain Path:  D:\professional software\Keil_v5\ARM\ARMCC\Bin
C Compiler:      Armcc.exe V5.06 update 5 (build 528)
Assembler:       Armasm.exe V5.06 update 5 (build 528)
Linker/Locator:  ArmLink.exe V5.06 update 5 (build 528)
Library Manager: ArmAr.exe V5.06 update 5 (build 528)
Hex Converter:   FromElf.exe V5.06 update 5 (build 528)
CPU DLL:         SARMCM3.DLL V5.24.1
Dialog DLL:      DARMCM1.DLL V1.18.0.0
Target DLL:      Segger\JL2CM3.dll V2.99.26.0
Dialog DLL:      TARMCM1.DLL V1.13.0.0
 
<h2>Project:</h2>
E:\work\seekfree\freescale_work\单片机库开发\KEA\KEA128\Projecct\MDK\KEA128.uvprojx
Project File Date:  12/13/2017

<h2>Output:</h2>
*** Using Compiler 'V5.06 update 5 (build 528)', folder: 'D:\professional software\Keil_v5\ARM\ARMCC\Bin'
Build target 'KEA128'
compiling KEA128_adc.c...
linking...
Program Size: Code=1520 RO-data=260 RW-data=36 ZI-data=1028  
".\Objects\KEA128.axf" - 0 Error(s), 0 Warning(s).

<h2>Software Packages used:</h2>

Package Vendor: Keil
                http://www.keil.com/pack/Keil.Kinetis_KEAxx_DFP.1.3.0.pack
                Keil.Kinetis_KEAxx_DFP.1.3.0
                NXP Kinetis KEAxx Series Device Support and Examples

<h2>Collection of Component include folders:</h2>
  .\RTE\_KEA128
  D:\professional software\Keil_v5\ARM\PACK\Keil\Kinetis_KEAxx_DFP\1.3.0\Device\Include

<h2>Collection of Component Files used:</h2>
Build Time Elapsed:  00:00:01
</pre>
</body>
</html>
